VCD info: dumpfile data/dumpfile.vcd opened for output.
src_data= 0, dest_data= 0, res=    0
src_data= 1, dest_data= 0, res=    1
src_data= 2, dest_data= 0, res=    2
src_data= 3, dest_data= 0, res=    3
src_data= 4, dest_data= 0, res=    4
src_data= 5, dest_data= 0, res=    5
src_data= 6, dest_data= 0, res=    6
src_data= 7, dest_data= 0, res=    7
src_data= 8, dest_data= 0, res=    8
src_data= 9, dest_data= 0, res=    9
src_data=10, dest_data= 0, res=   10
src_data=11, dest_data= 0, res=   11
src_data=12, dest_data= 0, res=   12
src_data=13, dest_data= 0, res=   13
src_data=14, dest_data= 0, res=   14
src_data=15, dest_data= 0, res=   15
src_data=16, dest_data= 0, res=   16
src_data= 0, dest_data= 1, res=    1
src_data= 1, dest_data= 1, res=    2
src_data= 2, dest_data= 1, res=    3
src_data= 3, dest_data= 1, res=    4
src_data= 4, dest_data= 1, res=    5
src_data= 5, dest_data= 1, res=    6
src_data= 6, dest_data= 1, res=    7
src_data= 7, dest_data= 1, res=    8
src_data= 8, dest_data= 1, res=    9
src_data= 9, dest_data= 1, res=   10
src_data=10, dest_data= 1, res=   11
src_data=11, dest_data= 1, res=   12
src_data=12, dest_data= 1, res=   13
src_data=13, dest_data= 1, res=   14
src_data=14, dest_data= 1, res=   15
src_data=15, dest_data= 1, res=   16
src_data=16, dest_data= 1, res=   17
src_data= 0, dest_data= 2, res=    2
src_data= 1, dest_data= 2, res=    3
src_data= 2, dest_data= 2, res=    4
src_data= 3, dest_data= 2, res=    5
src_data= 4, dest_data= 2, res=    6
src_data= 5, dest_data= 2, res=    7
src_data= 6, dest_data= 2, res=    8
src_data= 7, dest_data= 2, res=    9
src_data= 8, dest_data= 2, res=   10
src_data= 9, dest_data= 2, res=   11
src_data=10, dest_data= 2, res=   12
src_data=11, dest_data= 2, res=   13
src_data=12, dest_data= 2, res=   14
src_data=13, dest_data= 2, res=   15
src_data=14, dest_data= 2, res=   16
src_data=15, dest_data= 2, res=   17
src_data=16, dest_data= 2, res=   18
src_data= 0, dest_data= 3, res=    3
src_data= 1, dest_data= 3, res=    4
src_data= 2, dest_data= 3, res=    5
src_data= 3, dest_data= 3, res=    6
src_data= 4, dest_data= 3, res=    7
src_data= 5, dest_data= 3, res=    8
src_data= 6, dest_data= 3, res=    9
src_data= 7, dest_data= 3, res=   10
src_data= 8, dest_data= 3, res=   11
src_data= 9, dest_data= 3, res=   12
src_data=10, dest_data= 3, res=   13
src_data=11, dest_data= 3, res=   14
src_data=12, dest_data= 3, res=   15
src_data=13, dest_data= 3, res=   16
src_data=14, dest_data= 3, res=   17
src_data=15, dest_data= 3, res=   18
src_data=16, dest_data= 3, res=   19
src_data= 0, dest_data= 4, res=    4
src_data= 1, dest_data= 4, res=    5
src_data= 2, dest_data= 4, res=    6
src_data= 3, dest_data= 4, res=    7
src_data= 4, dest_data= 4, res=    8
src_data= 5, dest_data= 4, res=    9
src_data= 6, dest_data= 4, res=   10
src_data= 7, dest_data= 4, res=   11
src_data= 8, dest_data= 4, res=   12
src_data= 9, dest_data= 4, res=   13
src_data=10, dest_data= 4, res=   14
src_data=11, dest_data= 4, res=   15
src_data=12, dest_data= 4, res=   16
src_data=13, dest_data= 4, res=   17
src_data=14, dest_data= 4, res=   18
src_data=15, dest_data= 4, res=   19
src_data=16, dest_data= 4, res=   20
src_data= 0, dest_data= 5, res=    5
src_data= 1, dest_data= 5, res=    6
src_data= 2, dest_data= 5, res=    7
src_data= 3, dest_data= 5, res=    8
src_data= 4, dest_data= 5, res=    9
src_data= 5, dest_data= 5, res=   10
src_data= 6, dest_data= 5, res=   11
src_data= 7, dest_data= 5, res=   12
src_data= 8, dest_data= 5, res=   13
src_data= 9, dest_data= 5, res=   14
src_data=10, dest_data= 5, res=   15
src_data=11, dest_data= 5, res=   16
src_data=12, dest_data= 5, res=   17
src_data=13, dest_data= 5, res=   18
src_data=14, dest_data= 5, res=   19
src_data=15, dest_data= 5, res=   20
src_data=16, dest_data= 5, res=   21
src_data= 0, dest_data= 6, res=    6
src_data= 1, dest_data= 6, res=    7
src_data= 2, dest_data= 6, res=    8
src_data= 3, dest_data= 6, res=    9
src_data= 4, dest_data= 6, res=   10
src_data= 5, dest_data= 6, res=   11
src_data= 6, dest_data= 6, res=   12
src_data= 7, dest_data= 6, res=   13
src_data= 8, dest_data= 6, res=   14
src_data= 9, dest_data= 6, res=   15
src_data=10, dest_data= 6, res=   16
src_data=11, dest_data= 6, res=   17
src_data=12, dest_data= 6, res=   18
src_data=13, dest_data= 6, res=   19
src_data=14, dest_data= 6, res=   20
src_data=15, dest_data= 6, res=   21
src_data=16, dest_data= 6, res=   22
src_data= 0, dest_data= 7, res=    7
src_data= 1, dest_data= 7, res=    8
src_data= 2, dest_data= 7, res=    9
src_data= 3, dest_data= 7, res=   10
src_data= 4, dest_data= 7, res=   11
src_data= 5, dest_data= 7, res=   12
src_data= 6, dest_data= 7, res=   13
src_data= 7, dest_data= 7, res=   14
src_data= 8, dest_data= 7, res=   15
src_data= 9, dest_data= 7, res=   16
src_data=10, dest_data= 7, res=   17
src_data=11, dest_data= 7, res=   18
src_data=12, dest_data= 7, res=   19
src_data=13, dest_data= 7, res=   20
src_data=14, dest_data= 7, res=   21
src_data=15, dest_data= 7, res=   22
src_data=16, dest_data= 7, res=   23
src_data= 0, dest_data= 8, res=    8
src_data= 1, dest_data= 8, res=    9
src_data= 2, dest_data= 8, res=   10
src_data= 3, dest_data= 8, res=   11
src_data= 4, dest_data= 8, res=   12
src_data= 5, dest_data= 8, res=   13
src_data= 6, dest_data= 8, res=   14
src_data= 7, dest_data= 8, res=   15
src_data= 8, dest_data= 8, res=   16
src_data= 9, dest_data= 8, res=   17
src_data=10, dest_data= 8, res=   18
src_data=11, dest_data= 8, res=   19
src_data=12, dest_data= 8, res=   20
src_data=13, dest_data= 8, res=   21
src_data=14, dest_data= 8, res=   22
src_data=15, dest_data= 8, res=   23
src_data=16, dest_data= 8, res=   24
src_data= 0, dest_data= 9, res=    9
src_data= 1, dest_data= 9, res=   10
src_data= 2, dest_data= 9, res=   11
src_data= 3, dest_data= 9, res=   12
src_data= 4, dest_data= 9, res=   13
src_data= 5, dest_data= 9, res=   14
src_data= 6, dest_data= 9, res=   15
src_data= 7, dest_data= 9, res=   16
src_data= 8, dest_data= 9, res=   17
src_data= 9, dest_data= 9, res=   18
src_data=10, dest_data= 9, res=   19
src_data=11, dest_data= 9, res=   20
src_data=12, dest_data= 9, res=   21
src_data=13, dest_data= 9, res=   22
src_data=14, dest_data= 9, res=   23
src_data=15, dest_data= 9, res=   24
src_data=16, dest_data= 9, res=   25
src_data= 0, dest_data=10, res=   10
src_data= 1, dest_data=10, res=   11
src_data= 2, dest_data=10, res=   12
src_data= 3, dest_data=10, res=   13
src_data= 4, dest_data=10, res=   14
src_data= 5, dest_data=10, res=   15
src_data= 6, dest_data=10, res=   16
src_data= 7, dest_data=10, res=   17
src_data= 8, dest_data=10, res=   18
src_data= 9, dest_data=10, res=   19
src_data=10, dest_data=10, res=   20
src_data=11, dest_data=10, res=   21
src_data=12, dest_data=10, res=   22
src_data=13, dest_data=10, res=   23
src_data=14, dest_data=10, res=   24
src_data=15, dest_data=10, res=   25
src_data=16, dest_data=10, res=   26
src_data= 0, dest_data=11, res=   11
src_data= 1, dest_data=11, res=   12
src_data= 2, dest_data=11, res=   13
src_data= 3, dest_data=11, res=   14
src_data= 4, dest_data=11, res=   15
src_data= 5, dest_data=11, res=   16
src_data= 6, dest_data=11, res=   17
src_data= 7, dest_data=11, res=   18
src_data= 8, dest_data=11, res=   19
src_data= 9, dest_data=11, res=   20
src_data=10, dest_data=11, res=   21
src_data=11, dest_data=11, res=   22
src_data=12, dest_data=11, res=   23
src_data=13, dest_data=11, res=   24
src_data=14, dest_data=11, res=   25
src_data=15, dest_data=11, res=   26
src_data=16, dest_data=11, res=   27
src_data= 0, dest_data=12, res=   12
src_data= 1, dest_data=12, res=   13
src_data= 2, dest_data=12, res=   14
src_data= 3, dest_data=12, res=   15
src_data= 4, dest_data=12, res=   16
src_data= 5, dest_data=12, res=   17
src_data= 6, dest_data=12, res=   18
src_data= 7, dest_data=12, res=   19
src_data= 8, dest_data=12, res=   20
src_data= 9, dest_data=12, res=   21
src_data=10, dest_data=12, res=   22
src_data=11, dest_data=12, res=   23
src_data=12, dest_data=12, res=   24
src_data=13, dest_data=12, res=   25
src_data=14, dest_data=12, res=   26
src_data=15, dest_data=12, res=   27
src_data=16, dest_data=12, res=   28
src_data= 0, dest_data=13, res=   13
src_data= 1, dest_data=13, res=   14
src_data= 2, dest_data=13, res=   15
src_data= 3, dest_data=13, res=   16
src_data= 4, dest_data=13, res=   17
src_data= 5, dest_data=13, res=   18
src_data= 6, dest_data=13, res=   19
src_data= 7, dest_data=13, res=   20
src_data= 8, dest_data=13, res=   21
src_data= 9, dest_data=13, res=   22
src_data=10, dest_data=13, res=   23
src_data=11, dest_data=13, res=   24
src_data=12, dest_data=13, res=   25
src_data=13, dest_data=13, res=   26
src_data=14, dest_data=13, res=   27
src_data=15, dest_data=13, res=   28
src_data=16, dest_data=13, res=   29
src_data= 0, dest_data=14, res=   14
src_data= 1, dest_data=14, res=   15
src_data= 2, dest_data=14, res=   16
src_data= 3, dest_data=14, res=   17
src_data= 4, dest_data=14, res=   18
src_data= 5, dest_data=14, res=   19
src_data= 6, dest_data=14, res=   20
src_data= 7, dest_data=14, res=   21
src_data= 8, dest_data=14, res=   22
src_data= 9, dest_data=14, res=   23
src_data=10, dest_data=14, res=   24
src_data=11, dest_data=14, res=   25
src_data=12, dest_data=14, res=   26
src_data=13, dest_data=14, res=   27
src_data=14, dest_data=14, res=   28
src_data=15, dest_data=14, res=   29
src_data=16, dest_data=14, res=   30
src_data= 0, dest_data=15, res=   15
src_data= 1, dest_data=15, res=   16
src_data= 2, dest_data=15, res=   17
src_data= 3, dest_data=15, res=   18
src_data= 4, dest_data=15, res=   19
src_data= 5, dest_data=15, res=   20
src_data= 6, dest_data=15, res=   21
src_data= 7, dest_data=15, res=   22
src_data= 8, dest_data=15, res=   23
src_data= 9, dest_data=15, res=   24
src_data=10, dest_data=15, res=   25
src_data=11, dest_data=15, res=   26
src_data=12, dest_data=15, res=   27
src_data=13, dest_data=15, res=   28
src_data=14, dest_data=15, res=   29
src_data=15, dest_data=15, res=   30
src_data=16, dest_data=15, res=   31
src_data= 0, dest_data= 0, res=   31
src_data= 1, dest_data= 0, res=   31
src_data= 2, dest_data= 0, res=   31
src_data= 3, dest_data= 0, res=   31
src_data= 4, dest_data= 0, res=   31
src_data= 5, dest_data= 0, res=   31
src_data= 6, dest_data= 0, res=   31
src_data= 7, dest_data= 0, res=   31
src_data= 8, dest_data= 0, res=   31
src_data= 9, dest_data= 0, res=   31
src_data=10, dest_data= 0, res=   31
src_data=11, dest_data= 0, res=   31
src_data=12, dest_data= 0, res=   31
src_data=13, dest_data= 0, res=   31
src_data=14, dest_data= 0, res=   31
src_data=15, dest_data= 0, res=   31
src_data=16, dest_data= 0, res=   31
src_data= 0, dest_data= 1, res=   31
src_data= 1, dest_data= 1, res=   31
src_data= 2, dest_data= 1, res=   31
src_data= 3, dest_data= 1, res=   31
src_data= 4, dest_data= 1, res=   31
src_data= 5, dest_data= 1, res=   31
src_data= 6, dest_data= 1, res=   31
src_data= 7, dest_data= 1, res=   31
src_data= 8, dest_data= 1, res=   31
src_data= 9, dest_data= 1, res=   31
src_data=10, dest_data= 1, res=   31
src_data=11, dest_data= 1, res=   31
src_data=12, dest_data= 1, res=   31
src_data=13, dest_data= 1, res=   31
src_data=14, dest_data= 1, res=   31
src_data=15, dest_data= 1, res=   31
src_data=16, dest_data= 1, res=   31
src_data= 0, dest_data= 2, res=   31
src_data= 1, dest_data= 2, res=   31
src_data= 2, dest_data= 2, res=   31
src_data= 3, dest_data= 2, res=   31
src_data= 4, dest_data= 2, res=   31
src_data= 5, dest_data= 2, res=   31
src_data= 6, dest_data= 2, res=   31
src_data= 7, dest_data= 2, res=   31
src_data= 8, dest_data= 2, res=   31
src_data= 9, dest_data= 2, res=   31
src_data=10, dest_data= 2, res=   31
src_data=11, dest_data= 2, res=   31
src_data=12, dest_data= 2, res=   31
src_data=13, dest_data= 2, res=   31
src_data=14, dest_data= 2, res=   31
src_data=15, dest_data= 2, res=   31
src_data=16, dest_data= 2, res=   31
src_data= 0, dest_data= 3, res=   31
src_data= 1, dest_data= 3, res=   31
src_data= 2, dest_data= 3, res=   31
src_data= 3, dest_data= 3, res=   31
src_data= 4, dest_data= 3, res=   31
src_data= 5, dest_data= 3, res=   31
src_data= 6, dest_data= 3, res=   31
src_data= 7, dest_data= 3, res=   31
src_data= 8, dest_data= 3, res=   31
src_data= 9, dest_data= 3, res=   31
src_data=10, dest_data= 3, res=   31
src_data=11, dest_data= 3, res=   31
src_data=12, dest_data= 3, res=   31
src_data=13, dest_data= 3, res=   31
src_data=14, dest_data= 3, res=   31
src_data=15, dest_data= 3, res=   31
src_data=16, dest_data= 3, res=   31
src_data= 0, dest_data= 4, res=   31
src_data= 1, dest_data= 4, res=   31
src_data= 2, dest_data= 4, res=   31
src_data= 3, dest_data= 4, res=   31
src_data= 4, dest_data= 4, res=   31
src_data= 5, dest_data= 4, res=   31
src_data= 6, dest_data= 4, res=   31
src_data= 7, dest_data= 4, res=   31
src_data= 8, dest_data= 4, res=   31
src_data= 9, dest_data= 4, res=   31
src_data=10, dest_data= 4, res=   31
src_data=11, dest_data= 4, res=   31
src_data=12, dest_data= 4, res=   31
src_data=13, dest_data= 4, res=   31
src_data=14, dest_data= 4, res=   31
src_data=15, dest_data= 4, res=   31
src_data=16, dest_data= 4, res=   31
src_data= 0, dest_data= 5, res=   31
src_data= 1, dest_data= 5, res=   31
src_data= 2, dest_data= 5, res=   31
src_data= 3, dest_data= 5, res=   31
src_data= 4, dest_data= 5, res=   31
src_data= 5, dest_data= 5, res=   31
src_data= 6, dest_data= 5, res=   31
src_data= 7, dest_data= 5, res=   31
src_data= 8, dest_data= 5, res=   31
src_data= 9, dest_data= 5, res=   31
src_data=10, dest_data= 5, res=   31
src_data=11, dest_data= 5, res=   31
src_data=12, dest_data= 5, res=   31
src_data=13, dest_data= 5, res=   31
src_data=14, dest_data= 5, res=   31
src_data=15, dest_data= 5, res=   31
src_data=16, dest_data= 5, res=   31
src_data= 0, dest_data= 6, res=   31
src_data= 1, dest_data= 6, res=   31
src_data= 2, dest_data= 6, res=   31
src_data= 3, dest_data= 6, res=   31
src_data= 4, dest_data= 6, res=   31
src_data= 5, dest_data= 6, res=   31
src_data= 6, dest_data= 6, res=   31
src_data= 7, dest_data= 6, res=   31
src_data= 8, dest_data= 6, res=   31
src_data= 9, dest_data= 6, res=   31
src_data=10, dest_data= 6, res=   31
src_data=11, dest_data= 6, res=   31
src_data=12, dest_data= 6, res=   31
src_data=13, dest_data= 6, res=   31
src_data=14, dest_data= 6, res=   31
src_data=15, dest_data= 6, res=   31
src_data=16, dest_data= 6, res=   31
src_data= 0, dest_data= 7, res=   31
src_data= 1, dest_data= 7, res=   31
src_data= 2, dest_data= 7, res=   31
src_data= 3, dest_data= 7, res=   31
src_data= 4, dest_data= 7, res=   31
src_data= 5, dest_data= 7, res=   31
src_data= 6, dest_data= 7, res=   31
src_data= 7, dest_data= 7, res=   31
src_data= 8, dest_data= 7, res=   31
src_data= 9, dest_data= 7, res=   31
src_data=10, dest_data= 7, res=   31
src_data=11, dest_data= 7, res=   31
src_data=12, dest_data= 7, res=   31
src_data=13, dest_data= 7, res=   31
src_data=14, dest_data= 7, res=   31
src_data=15, dest_data= 7, res=   31
src_data=16, dest_data= 7, res=   31
src_data= 0, dest_data= 8, res=   31
src_data= 1, dest_data= 8, res=   31
src_data= 2, dest_data= 8, res=   31
src_data= 3, dest_data= 8, res=   31
src_data= 4, dest_data= 8, res=   31
src_data= 5, dest_data= 8, res=   31
src_data= 6, dest_data= 8, res=   31
src_data= 7, dest_data= 8, res=   31
src_data= 8, dest_data= 8, res=   31
src_data= 9, dest_data= 8, res=   31
src_data=10, dest_data= 8, res=   31
src_data=11, dest_data= 8, res=   31
src_data=12, dest_data= 8, res=   31
src_data=13, dest_data= 8, res=   31
src_data=14, dest_data= 8, res=   31
src_data=15, dest_data= 8, res=   31
src_data=16, dest_data= 8, res=   31
src_data= 0, dest_data= 9, res=   31
src_data= 1, dest_data= 9, res=   31
src_data= 2, dest_data= 9, res=   31
src_data= 3, dest_data= 9, res=   31
src_data= 4, dest_data= 9, res=   31
src_data= 5, dest_data= 9, res=   31
src_data= 6, dest_data= 9, res=   31
src_data= 7, dest_data= 9, res=   31
src_data= 8, dest_data= 9, res=   31
src_data= 9, dest_data= 9, res=   31
src_data=10, dest_data= 9, res=   31
src_data=11, dest_data= 9, res=   31
src_data=12, dest_data= 9, res=   31
src_data=13, dest_data= 9, res=   31
src_data=14, dest_data= 9, res=   31
src_data=15, dest_data= 9, res=   31
src_data=16, dest_data= 9, res=   31
src_data= 0, dest_data=10, res=   31
src_data= 1, dest_data=10, res=   31
src_data= 2, dest_data=10, res=   31
src_data= 3, dest_data=10, res=   31
src_data= 4, dest_data=10, res=   31
src_data= 5, dest_data=10, res=   31
src_data= 6, dest_data=10, res=   31
src_data= 7, dest_data=10, res=   31
src_data= 8, dest_data=10, res=   31
src_data= 9, dest_data=10, res=   31
src_data=10, dest_data=10, res=   31
src_data=11, dest_data=10, res=   31
src_data=12, dest_data=10, res=   31
src_data=13, dest_data=10, res=   31
src_data=14, dest_data=10, res=   31
src_data=15, dest_data=10, res=   31
src_data=16, dest_data=10, res=   31
src_data= 0, dest_data=11, res=   31
src_data= 1, dest_data=11, res=   31
src_data= 2, dest_data=11, res=   31
src_data= 3, dest_data=11, res=   31
src_data= 4, dest_data=11, res=   31
src_data= 5, dest_data=11, res=   31
src_data= 6, dest_data=11, res=   31
src_data= 7, dest_data=11, res=   31
src_data= 8, dest_data=11, res=   31
src_data= 9, dest_data=11, res=   31
src_data=10, dest_data=11, res=   31
src_data=11, dest_data=11, res=   31
src_data=12, dest_data=11, res=   31
src_data=13, dest_data=11, res=   31
src_data=14, dest_data=11, res=   31
src_data=15, dest_data=11, res=   31
src_data=16, dest_data=11, res=   31
src_data= 0, dest_data=12, res=   31
src_data= 1, dest_data=12, res=   31
src_data= 2, dest_data=12, res=   31
src_data= 3, dest_data=12, res=   31
src_data= 4, dest_data=12, res=   31
src_data= 5, dest_data=12, res=   31
src_data= 6, dest_data=12, res=   31
src_data= 7, dest_data=12, res=   31
src_data= 8, dest_data=12, res=   31
src_data= 9, dest_data=12, res=   31
src_data=10, dest_data=12, res=   31
src_data=11, dest_data=12, res=   31
src_data=12, dest_data=12, res=   31
src_data=13, dest_data=12, res=   31
src_data=14, dest_data=12, res=   31
src_data=15, dest_data=12, res=   31
src_data=16, dest_data=12, res=   31
src_data= 0, dest_data=13, res=   31
src_data= 1, dest_data=13, res=   31
src_data= 2, dest_data=13, res=   31
src_data= 3, dest_data=13, res=   31
src_data= 4, dest_data=13, res=   31
src_data= 5, dest_data=13, res=   31
src_data= 6, dest_data=13, res=   31
src_data= 7, dest_data=13, res=   31
src_data= 8, dest_data=13, res=   31
src_data= 9, dest_data=13, res=   31
src_data=10, dest_data=13, res=   31
src_data=11, dest_data=13, res=   31
src_data=12, dest_data=13, res=   31
src_data=13, dest_data=13, res=   31
src_data=14, dest_data=13, res=   31
src_data=15, dest_data=13, res=   31
src_data=16, dest_data=13, res=   31
src_data= 0, dest_data=14, res=   31
src_data= 1, dest_data=14, res=   31
src_data= 2, dest_data=14, res=   31
src_data= 3, dest_data=14, res=   31
src_data= 4, dest_data=14, res=   31
src_data= 5, dest_data=14, res=   31
src_data= 6, dest_data=14, res=   31
src_data= 7, dest_data=14, res=   31
src_data= 8, dest_data=14, res=   31
src_data= 9, dest_data=14, res=   31
src_data=10, dest_data=14, res=   31
src_data=11, dest_data=14, res=   31
src_data=12, dest_data=14, res=   31
src_data=13, dest_data=14, res=   31
src_data=14, dest_data=14, res=   31
src_data=15, dest_data=14, res=   31
src_data=16, dest_data=14, res=   31
src_data= 0, dest_data=15, res=   31
src_data= 1, dest_data=15, res=   31
src_data= 2, dest_data=15, res=   31
src_data= 3, dest_data=15, res=   31
src_data= 4, dest_data=15, res=   31
src_data= 5, dest_data=15, res=   31
src_data= 6, dest_data=15, res=   31
src_data= 7, dest_data=15, res=   31
src_data= 8, dest_data=15, res=   31
src_data= 9, dest_data=15, res=   31
src_data=10, dest_data=15, res=   31
src_data=11, dest_data=15, res=   31
src_data=12, dest_data=15, res=   31
src_data=13, dest_data=15, res=   31
src_data=14, dest_data=15, res=   31
src_data=15, dest_data=15, res=   31
src_data=16, dest_data=15, res=   31
src_data= 0, dest_data= 0, res=   31
src_data= 1, dest_data= 0, res=   31
src_data= 2, dest_data= 0, res=   31
src_data= 3, dest_data= 0, res=   31
src_data= 4, dest_data= 0, res=   31
src_data= 5, dest_data= 0, res=   31
src_data= 6, dest_data= 0, res=   31
src_data= 7, dest_data= 0, res=   31
src_data= 8, dest_data= 0, res=   31
src_data= 9, dest_data= 0, res=   31
src_data=10, dest_data= 0, res=   31
src_data=11, dest_data= 0, res=   31
src_data=12, dest_data= 0, res=   31
src_data=13, dest_data= 0, res=   31
src_data=14, dest_data= 0, res=   31
src_data=15, dest_data= 0, res=   31
src_data=16, dest_data= 0, res=   31
src_data= 0, dest_data= 1, res=   31
src_data= 1, dest_data= 1, res=   31
src_data= 2, dest_data= 1, res=   31
src_data= 3, dest_data= 1, res=   31
src_data= 4, dest_data= 1, res=   31
src_data= 5, dest_data= 1, res=   31
src_data= 6, dest_data= 1, res=   31
src_data= 7, dest_data= 1, res=   31
src_data= 8, dest_data= 1, res=   31
src_data= 9, dest_data= 1, res=   31
src_data=10, dest_data= 1, res=   31
src_data=11, dest_data= 1, res=   31
src_data=12, dest_data= 1, res=   31
src_data=13, dest_data= 1, res=   31
src_data=14, dest_data= 1, res=   31
src_data=15, dest_data= 1, res=   31
src_data=16, dest_data= 1, res=   31
src_data= 0, dest_data= 2, res=   31
src_data= 1, dest_data= 2, res=   31
src_data= 2, dest_data= 2, res=   31
src_data= 3, dest_data= 2, res=   31
src_data= 4, dest_data= 2, res=   31
src_data= 5, dest_data= 2, res=   31
src_data= 6, dest_data= 2, res=   31
src_data= 7, dest_data= 2, res=   31
src_data= 8, dest_data= 2, res=   31
src_data= 9, dest_data= 2, res=   31
src_data=10, dest_data= 2, res=   31
src_data=11, dest_data= 2, res=   31
src_data=12, dest_data= 2, res=   31
src_data=13, dest_data= 2, res=   31
src_data=14, dest_data= 2, res=   31
src_data=15, dest_data= 2, res=   31
src_data=16, dest_data= 2, res=   31
src_data= 0, dest_data= 3, res=   31
src_data= 1, dest_data= 3, res=   31
src_data= 2, dest_data= 3, res=   31
src_data= 3, dest_data= 3, res=   31
src_data= 4, dest_data= 3, res=   31
src_data= 5, dest_data= 3, res=   31
src_data= 6, dest_data= 3, res=   31
src_data= 7, dest_data= 3, res=   31
src_data= 8, dest_data= 3, res=   31
src_data= 9, dest_data= 3, res=   31
src_data=10, dest_data= 3, res=   31
src_data=11, dest_data= 3, res=   31
src_data=12, dest_data= 3, res=   31
src_data=13, dest_data= 3, res=   31
src_data=14, dest_data= 3, res=   31
src_data=15, dest_data= 3, res=   31
src_data=16, dest_data= 3, res=   31
src_data= 0, dest_data= 4, res=   31
src_data= 1, dest_data= 4, res=   31
src_data= 2, dest_data= 4, res=   31
src_data= 3, dest_data= 4, res=   31
src_data= 4, dest_data= 4, res=   31
src_data= 5, dest_data= 4, res=   31
src_data= 6, dest_data= 4, res=   31
src_data= 7, dest_data= 4, res=   31
src_data= 8, dest_data= 4, res=   31
src_data= 9, dest_data= 4, res=   31
src_data=10, dest_data= 4, res=   31
src_data=11, dest_data= 4, res=   31
src_data=12, dest_data= 4, res=   31
src_data=13, dest_data= 4, res=   31
src_data=14, dest_data= 4, res=   31
src_data=15, dest_data= 4, res=   31
src_data=16, dest_data= 4, res=   31
src_data= 0, dest_data= 5, res=   31
src_data= 1, dest_data= 5, res=   31
src_data= 2, dest_data= 5, res=   31
src_data= 3, dest_data= 5, res=   31
src_data= 4, dest_data= 5, res=   31
src_data= 5, dest_data= 5, res=   31
src_data= 6, dest_data= 5, res=   31
src_data= 7, dest_data= 5, res=   31
src_data= 8, dest_data= 5, res=   31
src_data= 9, dest_data= 5, res=   31
src_data=10, dest_data= 5, res=   31
src_data=11, dest_data= 5, res=   31
src_data=12, dest_data= 5, res=   31
src_data=13, dest_data= 5, res=   31
src_data=14, dest_data= 5, res=   31
src_data=15, dest_data= 5, res=   31
src_data=16, dest_data= 5, res=   31
src_data= 0, dest_data= 6, res=   31
src_data= 1, dest_data= 6, res=   31
src_data= 2, dest_data= 6, res=   31
src_data= 3, dest_data= 6, res=   31
src_data= 4, dest_data= 6, res=   31
src_data= 5, dest_data= 6, res=   31
src_data= 6, dest_data= 6, res=   31
src_data= 7, dest_data= 6, res=   31
src_data= 8, dest_data= 6, res=   31
src_data= 9, dest_data= 6, res=   31
src_data=10, dest_data= 6, res=   31
src_data=11, dest_data= 6, res=   31
src_data=12, dest_data= 6, res=   31
src_data=13, dest_data= 6, res=   31
src_data=14, dest_data= 6, res=   31
src_data=15, dest_data= 6, res=   31
src_data=16, dest_data= 6, res=   31
src_data= 0, dest_data= 7, res=   31
src_data= 1, dest_data= 7, res=   31
src_data= 2, dest_data= 7, res=   31
src_data= 3, dest_data= 7, res=   31
src_data= 4, dest_data= 7, res=   31
src_data= 5, dest_data= 7, res=   31
src_data= 6, dest_data= 7, res=   31
src_data= 7, dest_data= 7, res=   31
src_data= 8, dest_data= 7, res=   31
src_data= 9, dest_data= 7, res=   31
src_data=10, dest_data= 7, res=   31
src_data=11, dest_data= 7, res=   31
src_data=12, dest_data= 7, res=   31
src_data=13, dest_data= 7, res=   31
src_data=14, dest_data= 7, res=   31
src_data=15, dest_data= 7, res=   31
src_data=16, dest_data= 7, res=   31
src_data= 0, dest_data= 8, res=   31
src_data= 1, dest_data= 8, res=   31
src_data= 2, dest_data= 8, res=   31
src_data= 3, dest_data= 8, res=   31
src_data= 4, dest_data= 8, res=   31
src_data= 5, dest_data= 8, res=   31
src_data= 6, dest_data= 8, res=   31
src_data= 7, dest_data= 8, res=   31
src_data= 8, dest_data= 8, res=   31
src_data= 9, dest_data= 8, res=   31
src_data=10, dest_data= 8, res=   31
src_data=11, dest_data= 8, res=   31
src_data=12, dest_data= 8, res=   31
src_data=13, dest_data= 8, res=   31
src_data=14, dest_data= 8, res=   31
src_data=15, dest_data= 8, res=   31
src_data=16, dest_data= 8, res=   31
src_data= 0, dest_data= 9, res=   31
src_data= 1, dest_data= 9, res=   31
src_data= 2, dest_data= 9, res=   31
src_data= 3, dest_data= 9, res=   31
src_data= 4, dest_data= 9, res=   31
src_data= 5, dest_data= 9, res=   31
src_data= 6, dest_data= 9, res=   31
src_data= 7, dest_data= 9, res=   31
src_data= 8, dest_data= 9, res=   31
src_data= 9, dest_data= 9, res=   31
src_data=10, dest_data= 9, res=   31
src_data=11, dest_data= 9, res=   31
src_data=12, dest_data= 9, res=   31
src_data=13, dest_data= 9, res=   31
src_data=14, dest_data= 9, res=   31
src_data=15, dest_data= 9, res=   31
src_data=16, dest_data= 9, res=   31
src_data= 0, dest_data=10, res=   31
src_data= 1, dest_data=10, res=   31
src_data= 2, dest_data=10, res=   31
src_data= 3, dest_data=10, res=   31
src_data= 4, dest_data=10, res=   31
src_data= 5, dest_data=10, res=   31
src_data= 6, dest_data=10, res=   31
src_data= 7, dest_data=10, res=   31
src_data= 8, dest_data=10, res=   31
src_data= 9, dest_data=10, res=   31
src_data=10, dest_data=10, res=   31
src_data=11, dest_data=10, res=   31
src_data=12, dest_data=10, res=   31
src_data=13, dest_data=10, res=   31
src_data=14, dest_data=10, res=   31
src_data=15, dest_data=10, res=   31
src_data=16, dest_data=10, res=   31
src_data= 0, dest_data=11, res=   31
src_data= 1, dest_data=11, res=   31
src_data= 2, dest_data=11, res=   31
src_data= 3, dest_data=11, res=   31
src_data= 4, dest_data=11, res=   31
src_data= 5, dest_data=11, res=   31
src_data= 6, dest_data=11, res=   31
src_data= 7, dest_data=11, res=   31
src_data= 8, dest_data=11, res=   31
src_data= 9, dest_data=11, res=   31
src_data=10, dest_data=11, res=   31
src_data=11, dest_data=11, res=   31
src_data=12, dest_data=11, res=   31
src_data=13, dest_data=11, res=   31
src_data=14, dest_data=11, res=   31
src_data=15, dest_data=11, res=   31
src_data=16, dest_data=11, res=   31
src_data= 0, dest_data=12, res=   31
src_data= 1, dest_data=12, res=   31
src_data= 2, dest_data=12, res=   31
src_data= 3, dest_data=12, res=   31
src_data= 4, dest_data=12, res=   31
src_data= 5, dest_data=12, res=   31
src_data= 6, dest_data=12, res=   31
src_data= 7, dest_data=12, res=   31
src_data= 8, dest_data=12, res=   31
src_data= 9, dest_data=12, res=   31
src_data=10, dest_data=12, res=   31
src_data=11, dest_data=12, res=   31
src_data=12, dest_data=12, res=   31
src_data=13, dest_data=12, res=   31
src_data=14, dest_data=12, res=   31
src_data=15, dest_data=12, res=   31
src_data=16, dest_data=12, res=   31
src_data= 0, dest_data=13, res=   31
src_data= 1, dest_data=13, res=   31
src_data= 2, dest_data=13, res=   31
src_data= 3, dest_data=13, res=   31
src_data= 4, dest_data=13, res=   31
src_data= 5, dest_data=13, res=   31
src_data= 6, dest_data=13, res=   31
src_data= 7, dest_data=13, res=   31
src_data= 8, dest_data=13, res=   31
src_data= 9, dest_data=13, res=   31
src_data=10, dest_data=13, res=   31
src_data=11, dest_data=13, res=   31
src_data=12, dest_data=13, res=   31
src_data=13, dest_data=13, res=   31
src_data=14, dest_data=13, res=   31
src_data=15, dest_data=13, res=   31
src_data=16, dest_data=13, res=   31
src_data= 0, dest_data=14, res=   31
src_data= 1, dest_data=14, res=   31
src_data= 2, dest_data=14, res=   31
src_data= 3, dest_data=14, res=   31
src_data= 4, dest_data=14, res=   31
src_data= 5, dest_data=14, res=   31
src_data= 6, dest_data=14, res=   31
src_data= 7, dest_data=14, res=   31
src_data= 8, dest_data=14, res=   31
src_data= 9, dest_data=14, res=   31
src_data=10, dest_data=14, res=   31
src_data=11, dest_data=14, res=   31
src_data=12, dest_data=14, res=   31
src_data=13, dest_data=14, res=   31
src_data=14, dest_data=14, res=   31
src_data=15, dest_data=14, res=   31
src_data=16, dest_data=14, res=   31
src_data= 0, dest_data=15, res=   31
src_data= 1, dest_data=15, res=   31
src_data= 2, dest_data=15, res=   31
src_data= 3, dest_data=15, res=   31
src_data= 4, dest_data=15, res=   31
src_data= 5, dest_data=15, res=   31
src_data= 6, dest_data=15, res=   31
src_data= 7, dest_data=15, res=   31
src_data= 8, dest_data=15, res=   31
src_data= 9, dest_data=15, res=   31
src_data=10, dest_data=15, res=   31
src_data=11, dest_data=15, res=   31
src_data=12, dest_data=15, res=   31
src_data=13, dest_data=15, res=   31
src_data=14, dest_data=15, res=   31
src_data=15, dest_data=15, res=   31
src_data=16, dest_data=15, res=   31
src_data= 0, dest_data= 0, res=   31
src_data= 1, dest_data= 0, res=   31
src_data= 2, dest_data= 0, res=   31
src_data= 3, dest_data= 0, res=   31
src_data= 4, dest_data= 0, res=   31
src_data= 5, dest_data= 0, res=   31
src_data= 6, dest_data= 0, res=   31
src_data= 7, dest_data= 0, res=   31
src_data= 8, dest_data= 0, res=   31
src_data= 9, dest_data= 0, res=   31
src_data=10, dest_data= 0, res=   31
src_data=11, dest_data= 0, res=   31
src_data=12, dest_data= 0, res=   31
src_data=13, dest_data= 0, res=   31
src_data=14, dest_data= 0, res=   31
src_data=15, dest_data= 0, res=   31
src_data=16, dest_data= 0, res=   31
src_data= 0, dest_data= 1, res=   31
src_data= 1, dest_data= 1, res=   31
src_data= 2, dest_data= 1, res=   31
src_data= 3, dest_data= 1, res=   31
src_data= 4, dest_data= 1, res=   31
src_data= 5, dest_data= 1, res=   31
src_data= 6, dest_data= 1, res=   31
src_data= 7, dest_data= 1, res=   31
src_data= 8, dest_data= 1, res=   31
src_data= 9, dest_data= 1, res=   31
src_data=10, dest_data= 1, res=   31
src_data=11, dest_data= 1, res=   31
src_data=12, dest_data= 1, res=   31
src_data=13, dest_data= 1, res=   31
src_data=14, dest_data= 1, res=   31
src_data=15, dest_data= 1, res=   31
src_data=16, dest_data= 1, res=   31
src_data= 0, dest_data= 2, res=   31
src_data= 1, dest_data= 2, res=   31
src_data= 2, dest_data= 2, res=   31
src_data= 3, dest_data= 2, res=   31
src_data= 4, dest_data= 2, res=   31
src_data= 5, dest_data= 2, res=   31
src_data= 6, dest_data= 2, res=   31
src_data= 7, dest_data= 2, res=   31
src_data= 8, dest_data= 2, res=   31
src_data= 9, dest_data= 2, res=   31
src_data=10, dest_data= 2, res=   31
src_data=11, dest_data= 2, res=   31
src_data=12, dest_data= 2, res=   31
src_data=13, dest_data= 2, res=   31
src_data=14, dest_data= 2, res=   31
src_data=15, dest_data= 2, res=   31
src_data=16, dest_data= 2, res=   31
src_data= 0, dest_data= 3, res=   31
src_data= 1, dest_data= 3, res=   31
src_data= 2, dest_data= 3, res=   31
src_data= 3, dest_data= 3, res=   31
src_data= 4, dest_data= 3, res=   31
src_data= 5, dest_data= 3, res=   31
src_data= 6, dest_data= 3, res=   31
src_data= 7, dest_data= 3, res=   31
src_data= 8, dest_data= 3, res=   31
src_data= 9, dest_data= 3, res=   31
src_data=10, dest_data= 3, res=   31
src_data=11, dest_data= 3, res=   31
src_data=12, dest_data= 3, res=   31
src_data=13, dest_data= 3, res=   31
src_data=14, dest_data= 3, res=   31
src_data=15, dest_data= 3, res=   31
src_data=16, dest_data= 3, res=   31
src_data= 0, dest_data= 4, res=   31
src_data= 1, dest_data= 4, res=   31
src_data= 2, dest_data= 4, res=   31
src_data= 3, dest_data= 4, res=   31
src_data= 4, dest_data= 4, res=   31
src_data= 5, dest_data= 4, res=   31
src_data= 6, dest_data= 4, res=   31
src_data= 7, dest_data= 4, res=   31
src_data= 8, dest_data= 4, res=   31
src_data= 9, dest_data= 4, res=   31
src_data=10, dest_data= 4, res=   31
src_data=11, dest_data= 4, res=   31
src_data=12, dest_data= 4, res=   31
src_data=13, dest_data= 4, res=   31
src_data=14, dest_data= 4, res=   31
src_data=15, dest_data= 4, res=   31
src_data=16, dest_data= 4, res=   31
src_data= 0, dest_data= 5, res=   31
src_data= 1, dest_data= 5, res=   31
src_data= 2, dest_data= 5, res=   31
src_data= 3, dest_data= 5, res=   31
src_data= 4, dest_data= 5, res=   31
src_data= 5, dest_data= 5, res=   31
src_data= 6, dest_data= 5, res=   31
src_data= 7, dest_data= 5, res=   31
src_data= 8, dest_data= 5, res=   31
src_data= 9, dest_data= 5, res=   31
src_data=10, dest_data= 5, res=   31
src_data=11, dest_data= 5, res=   31
src_data=12, dest_data= 5, res=   31
src_data=13, dest_data= 5, res=   31
src_data=14, dest_data= 5, res=   31
src_data=15, dest_data= 5, res=   31
src_data=16, dest_data= 5, res=   31
src_data= 0, dest_data= 6, res=   31
src_data= 1, dest_data= 6, res=   31
src_data= 2, dest_data= 6, res=   31
src_data= 3, dest_data= 6, res=   31
src_data= 4, dest_data= 6, res=   31
src_data= 5, dest_data= 6, res=   31
src_data= 6, dest_data= 6, res=   31
src_data= 7, dest_data= 6, res=   31
src_data= 8, dest_data= 6, res=   31
src_data= 9, dest_data= 6, res=   31
src_data=10, dest_data= 6, res=   31
src_data=11, dest_data= 6, res=   31
src_data=12, dest_data= 6, res=   31
src_data=13, dest_data= 6, res=   31
src_data=14, dest_data= 6, res=   31
src_data=15, dest_data= 6, res=   31
src_data=16, dest_data= 6, res=   31
src_data= 0, dest_data= 7, res=   31
src_data= 1, dest_data= 7, res=   31
src_data= 2, dest_data= 7, res=   31
src_data= 3, dest_data= 7, res=   31
src_data= 4, dest_data= 7, res=   31
src_data= 5, dest_data= 7, res=   31
src_data= 6, dest_data= 7, res=   31
src_data= 7, dest_data= 7, res=   31
src_data= 8, dest_data= 7, res=   31
src_data= 9, dest_data= 7, res=   31
src_data=10, dest_data= 7, res=   31
src_data=11, dest_data= 7, res=   31
src_data=12, dest_data= 7, res=   31
src_data=13, dest_data= 7, res=   31
src_data=14, dest_data= 7, res=   31
src_data=15, dest_data= 7, res=   31
src_data=16, dest_data= 7, res=   31
src_data= 0, dest_data= 8, res=   31
src_data= 1, dest_data= 8, res=   31
src_data= 2, dest_data= 8, res=   31
src_data= 3, dest_data= 8, res=   31
src_data= 4, dest_data= 8, res=   31
src_data= 5, dest_data= 8, res=   31
src_data= 6, dest_data= 8, res=   31
src_data= 7, dest_data= 8, res=   31
src_data= 8, dest_data= 8, res=   31
src_data= 9, dest_data= 8, res=   31
src_data=10, dest_data= 8, res=   31
src_data=11, dest_data= 8, res=   31
src_data=12, dest_data= 8, res=   31
src_data=13, dest_data= 8, res=   31
src_data=14, dest_data= 8, res=   31
src_data=15, dest_data= 8, res=   31
src_data=16, dest_data= 8, res=   31
src_data= 0, dest_data= 9, res=   31
src_data= 1, dest_data= 9, res=   31
src_data= 2, dest_data= 9, res=   31
src_data= 3, dest_data= 9, res=   31
src_data= 4, dest_data= 9, res=   31
src_data= 5, dest_data= 9, res=   31
src_data= 6, dest_data= 9, res=   31
src_data= 7, dest_data= 9, res=   31
src_data= 8, dest_data= 9, res=   31
src_data= 9, dest_data= 9, res=   31
src_data=10, dest_data= 9, res=   31
src_data=11, dest_data= 9, res=   31
src_data=12, dest_data= 9, res=   31
src_data=13, dest_data= 9, res=   31
src_data=14, dest_data= 9, res=   31
src_data=15, dest_data= 9, res=   31
src_data=16, dest_data= 9, res=   31
src_data= 0, dest_data=10, res=   31
src_data= 1, dest_data=10, res=   31
src_data= 2, dest_data=10, res=   31
src_data= 3, dest_data=10, res=   31
src_data= 4, dest_data=10, res=   31
src_data= 5, dest_data=10, res=   31
src_data= 6, dest_data=10, res=   31
src_data= 7, dest_data=10, res=   31
src_data= 8, dest_data=10, res=   31
src_data= 9, dest_data=10, res=   31
src_data=10, dest_data=10, res=   31
src_data=11, dest_data=10, res=   31
src_data=12, dest_data=10, res=   31
src_data=13, dest_data=10, res=   31
src_data=14, dest_data=10, res=   31
src_data=15, dest_data=10, res=   31
src_data=16, dest_data=10, res=   31
src_data= 0, dest_data=11, res=   31
src_data= 1, dest_data=11, res=   31
src_data= 2, dest_data=11, res=   31
src_data= 3, dest_data=11, res=   31
src_data= 4, dest_data=11, res=   31
src_data= 5, dest_data=11, res=   31
src_data= 6, dest_data=11, res=   31
src_data= 7, dest_data=11, res=   31
src_data= 8, dest_data=11, res=   31
src_data= 9, dest_data=11, res=   31
src_data=10, dest_data=11, res=   31
src_data=11, dest_data=11, res=   31
src_data=12, dest_data=11, res=   31
src_data=13, dest_data=11, res=   31
src_data=14, dest_data=11, res=   31
src_data=15, dest_data=11, res=   31
src_data=16, dest_data=11, res=   31
src_data= 0, dest_data=12, res=   31
src_data= 1, dest_data=12, res=   31
src_data= 2, dest_data=12, res=   31
src_data= 3, dest_data=12, res=   31
src_data= 4, dest_data=12, res=   31
src_data= 5, dest_data=12, res=   31
src_data= 6, dest_data=12, res=   31
src_data= 7, dest_data=12, res=   31
src_data= 8, dest_data=12, res=   31
src_data= 9, dest_data=12, res=   31
src_data=10, dest_data=12, res=   31
src_data=11, dest_data=12, res=   31
src_data=12, dest_data=12, res=   31
src_data=13, dest_data=12, res=   31
src_data=14, dest_data=12, res=   31
src_data=15, dest_data=12, res=   31
src_data=16, dest_data=12, res=   31
src_data= 0, dest_data=13, res=   31
src_data= 1, dest_data=13, res=   31
src_data= 2, dest_data=13, res=   31
src_data= 3, dest_data=13, res=   31
src_data= 4, dest_data=13, res=   31
src_data= 5, dest_data=13, res=   31
src_data= 6, dest_data=13, res=   31
src_data= 7, dest_data=13, res=   31
src_data= 8, dest_data=13, res=   31
src_data= 9, dest_data=13, res=   31
src_data=10, dest_data=13, res=   31
src_data=11, dest_data=13, res=   31
src_data=12, dest_data=13, res=   31
src_data=13, dest_data=13, res=   31
src_data=14, dest_data=13, res=   31
src_data=15, dest_data=13, res=   31
src_data=16, dest_data=13, res=   31
src_data= 0, dest_data=14, res=   31
src_data= 1, dest_data=14, res=   31
src_data= 2, dest_data=14, res=   31
src_data= 3, dest_data=14, res=   31
src_data= 4, dest_data=14, res=   31
src_data= 5, dest_data=14, res=   31
src_data= 6, dest_data=14, res=   31
src_data= 7, dest_data=14, res=   31
src_data= 8, dest_data=14, res=   31
src_data= 9, dest_data=14, res=   31
src_data=10, dest_data=14, res=   31
src_data=11, dest_data=14, res=   31
src_data=12, dest_data=14, res=   31
src_data=13, dest_data=14, res=   31
src_data=14, dest_data=14, res=   31
src_data=15, dest_data=14, res=   31
src_data=16, dest_data=14, res=   31
src_data= 0, dest_data=15, res=   31
src_data= 1, dest_data=15, res=   31
src_data= 2, dest_data=15, res=   31
src_data= 3, dest_data=15, res=   31
src_data= 4, dest_data=15, res=   31
src_data= 5, dest_data=15, res=   31
src_data= 6, dest_data=15, res=   31
src_data= 7, dest_data=15, res=   31
src_data= 8, dest_data=15, res=   31
src_data= 9, dest_data=15, res=   31
src_data=10, dest_data=15, res=   31
src_data=11, dest_data=15, res=   31
src_data=12, dest_data=15, res=   31
src_data=13, dest_data=15, res=   31
src_data=14, dest_data=15, res=   31
src_data=15, dest_data=15, res=   31
src_data=16, dest_data=15, res=   31
src_data= 0, dest_data= 0, res=    0
src_data= 1, dest_data= 0, res=    0
src_data= 2, dest_data= 0, res=    0
src_data= 3, dest_data= 0, res=    0
src_data= 4, dest_data= 0, res=    0
src_data= 5, dest_data= 0, res=    0
src_data= 6, dest_data= 0, res=    0
src_data= 7, dest_data= 0, res=    0
src_data= 8, dest_data= 0, res=    0
src_data= 9, dest_data= 0, res=    0
src_data=10, dest_data= 0, res=    0
src_data=11, dest_data= 0, res=    0
src_data=12, dest_data= 0, res=    0
src_data=13, dest_data= 0, res=    0
src_data=14, dest_data= 0, res=    0
src_data=15, dest_data= 0, res=    0
src_data=16, dest_data= 0, res=    0
src_data= 0, dest_data= 1, res=    0
src_data= 1, dest_data= 1, res=    1
src_data= 2, dest_data= 1, res=    0
src_data= 3, dest_data= 1, res=    1
src_data= 4, dest_data= 1, res=    0
src_data= 5, dest_data= 1, res=    1
src_data= 6, dest_data= 1, res=    0
src_data= 7, dest_data= 1, res=    1
src_data= 8, dest_data= 1, res=    0
src_data= 9, dest_data= 1, res=    1
src_data=10, dest_data= 1, res=    0
src_data=11, dest_data= 1, res=    1
src_data=12, dest_data= 1, res=    0
src_data=13, dest_data= 1, res=    1
src_data=14, dest_data= 1, res=    0
src_data=15, dest_data= 1, res=    1
src_data=16, dest_data= 1, res=    0
src_data= 0, dest_data= 2, res=    0
src_data= 1, dest_data= 2, res=    0
src_data= 2, dest_data= 2, res=    2
src_data= 3, dest_data= 2, res=    2
src_data= 4, dest_data= 2, res=    0
src_data= 5, dest_data= 2, res=    0
src_data= 6, dest_data= 2, res=    2
src_data= 7, dest_data= 2, res=    2
src_data= 8, dest_data= 2, res=    0
src_data= 9, dest_data= 2, res=    0
src_data=10, dest_data= 2, res=    2
src_data=11, dest_data= 2, res=    2
src_data=12, dest_data= 2, res=    0
src_data=13, dest_data= 2, res=    0
src_data=14, dest_data= 2, res=    2
src_data=15, dest_data= 2, res=    2
src_data=16, dest_data= 2, res=    0
src_data= 0, dest_data= 3, res=    0
src_data= 1, dest_data= 3, res=    1
src_data= 2, dest_data= 3, res=    2
src_data= 3, dest_data= 3, res=    3
src_data= 4, dest_data= 3, res=    0
src_data= 5, dest_data= 3, res=    1
src_data= 6, dest_data= 3, res=    2
src_data= 7, dest_data= 3, res=    3
src_data= 8, dest_data= 3, res=    0
src_data= 9, dest_data= 3, res=    1
src_data=10, dest_data= 3, res=    2
src_data=11, dest_data= 3, res=    3
src_data=12, dest_data= 3, res=    0
src_data=13, dest_data= 3, res=    1
src_data=14, dest_data= 3, res=    2
src_data=15, dest_data= 3, res=    3
src_data=16, dest_data= 3, res=    0
src_data= 0, dest_data= 4, res=    0
src_data= 1, dest_data= 4, res=    0
src_data= 2, dest_data= 4, res=    0
src_data= 3, dest_data= 4, res=    0
src_data= 4, dest_data= 4, res=    4
src_data= 5, dest_data= 4, res=    4
src_data= 6, dest_data= 4, res=    4
src_data= 7, dest_data= 4, res=    4
src_data= 8, dest_data= 4, res=    0
src_data= 9, dest_data= 4, res=    0
src_data=10, dest_data= 4, res=    0
src_data=11, dest_data= 4, res=    0
src_data=12, dest_data= 4, res=    4
src_data=13, dest_data= 4, res=    4
src_data=14, dest_data= 4, res=    4
src_data=15, dest_data= 4, res=    4
src_data=16, dest_data= 4, res=    0
src_data= 0, dest_data= 5, res=    0
src_data= 1, dest_data= 5, res=    1
src_data= 2, dest_data= 5, res=    0
src_data= 3, dest_data= 5, res=    1
src_data= 4, dest_data= 5, res=    4
src_data= 5, dest_data= 5, res=    5
src_data= 6, dest_data= 5, res=    4
src_data= 7, dest_data= 5, res=    5
src_data= 8, dest_data= 5, res=    0
src_data= 9, dest_data= 5, res=    1
src_data=10, dest_data= 5, res=    0
src_data=11, dest_data= 5, res=    1
src_data=12, dest_data= 5, res=    4
src_data=13, dest_data= 5, res=    5
src_data=14, dest_data= 5, res=    4
src_data=15, dest_data= 5, res=    5
src_data=16, dest_data= 5, res=    0
src_data= 0, dest_data= 6, res=    0
src_data= 1, dest_data= 6, res=    0
src_data= 2, dest_data= 6, res=    2
src_data= 3, dest_data= 6, res=    2
src_data= 4, dest_data= 6, res=    4
src_data= 5, dest_data= 6, res=    4
src_data= 6, dest_data= 6, res=    6
src_data= 7, dest_data= 6, res=    6
src_data= 8, dest_data= 6, res=    0
src_data= 9, dest_data= 6, res=    0
src_data=10, dest_data= 6, res=    2
src_data=11, dest_data= 6, res=    2
src_data=12, dest_data= 6, res=    4
src_data=13, dest_data= 6, res=    4
src_data=14, dest_data= 6, res=    6
src_data=15, dest_data= 6, res=    6
src_data=16, dest_data= 6, res=    0
src_data= 0, dest_data= 7, res=    0
src_data= 1, dest_data= 7, res=    1
src_data= 2, dest_data= 7, res=    2
src_data= 3, dest_data= 7, res=    3
src_data= 4, dest_data= 7, res=    4
src_data= 5, dest_data= 7, res=    5
src_data= 6, dest_data= 7, res=    6
src_data= 7, dest_data= 7, res=    7
src_data= 8, dest_data= 7, res=    0
src_data= 9, dest_data= 7, res=    1
src_data=10, dest_data= 7, res=    2
src_data=11, dest_data= 7, res=    3
src_data=12, dest_data= 7, res=    4
src_data=13, dest_data= 7, res=    5
src_data=14, dest_data= 7, res=    6
src_data=15, dest_data= 7, res=    7
src_data=16, dest_data= 7, res=    0
src_data= 0, dest_data= 8, res=    0
src_data= 1, dest_data= 8, res=    0
src_data= 2, dest_data= 8, res=    0
src_data= 3, dest_data= 8, res=    0
src_data= 4, dest_data= 8, res=    0
src_data= 5, dest_data= 8, res=    0
src_data= 6, dest_data= 8, res=    0
src_data= 7, dest_data= 8, res=    0
src_data= 8, dest_data= 8, res=    8
src_data= 9, dest_data= 8, res=    8
src_data=10, dest_data= 8, res=    8
src_data=11, dest_data= 8, res=    8
src_data=12, dest_data= 8, res=    8
src_data=13, dest_data= 8, res=    8
src_data=14, dest_data= 8, res=    8
src_data=15, dest_data= 8, res=    8
src_data=16, dest_data= 8, res=    0
src_data= 0, dest_data= 9, res=    0
src_data= 1, dest_data= 9, res=    1
src_data= 2, dest_data= 9, res=    0
src_data= 3, dest_data= 9, res=    1
src_data= 4, dest_data= 9, res=    0
src_data= 5, dest_data= 9, res=    1
src_data= 6, dest_data= 9, res=    0
src_data= 7, dest_data= 9, res=    1
src_data= 8, dest_data= 9, res=    8
src_data= 9, dest_data= 9, res=    9
src_data=10, dest_data= 9, res=    8
src_data=11, dest_data= 9, res=    9
src_data=12, dest_data= 9, res=    8
src_data=13, dest_data= 9, res=    9
src_data=14, dest_data= 9, res=    8
src_data=15, dest_data= 9, res=    9
src_data=16, dest_data= 9, res=    0
src_data= 0, dest_data=10, res=    0
src_data= 1, dest_data=10, res=    0
src_data= 2, dest_data=10, res=    2
src_data= 3, dest_data=10, res=    2
src_data= 4, dest_data=10, res=    0
src_data= 5, dest_data=10, res=    0
src_data= 6, dest_data=10, res=    2
src_data= 7, dest_data=10, res=    2
src_data= 8, dest_data=10, res=    8
src_data= 9, dest_data=10, res=    8
src_data=10, dest_data=10, res=   10
src_data=11, dest_data=10, res=   10
src_data=12, dest_data=10, res=    8
src_data=13, dest_data=10, res=    8
src_data=14, dest_data=10, res=   10
src_data=15, dest_data=10, res=   10
src_data=16, dest_data=10, res=    0
src_data= 0, dest_data=11, res=    0
src_data= 1, dest_data=11, res=    1
src_data= 2, dest_data=11, res=    2
src_data= 3, dest_data=11, res=    3
src_data= 4, dest_data=11, res=    0
src_data= 5, dest_data=11, res=    1
src_data= 6, dest_data=11, res=    2
src_data= 7, dest_data=11, res=    3
src_data= 8, dest_data=11, res=    8
src_data= 9, dest_data=11, res=    9
src_data=10, dest_data=11, res=   10
src_data=11, dest_data=11, res=   11
src_data=12, dest_data=11, res=    8
src_data=13, dest_data=11, res=    9
src_data=14, dest_data=11, res=   10
src_data=15, dest_data=11, res=   11
src_data=16, dest_data=11, res=    0
src_data= 0, dest_data=12, res=    0
src_data= 1, dest_data=12, res=    0
src_data= 2, dest_data=12, res=    0
src_data= 3, dest_data=12, res=    0
src_data= 4, dest_data=12, res=    4
src_data= 5, dest_data=12, res=    4
src_data= 6, dest_data=12, res=    4
src_data= 7, dest_data=12, res=    4
src_data= 8, dest_data=12, res=    8
src_data= 9, dest_data=12, res=    8
src_data=10, dest_data=12, res=    8
src_data=11, dest_data=12, res=    8
src_data=12, dest_data=12, res=   12
src_data=13, dest_data=12, res=   12
src_data=14, dest_data=12, res=   12
src_data=15, dest_data=12, res=   12
src_data=16, dest_data=12, res=    0
src_data= 0, dest_data=13, res=    0
src_data= 1, dest_data=13, res=    1
src_data= 2, dest_data=13, res=    0
src_data= 3, dest_data=13, res=    1
src_data= 4, dest_data=13, res=    4
src_data= 5, dest_data=13, res=    5
src_data= 6, dest_data=13, res=    4
src_data= 7, dest_data=13, res=    5
src_data= 8, dest_data=13, res=    8
src_data= 9, dest_data=13, res=    9
src_data=10, dest_data=13, res=    8
src_data=11, dest_data=13, res=    9
src_data=12, dest_data=13, res=   12
src_data=13, dest_data=13, res=   13
src_data=14, dest_data=13, res=   12
src_data=15, dest_data=13, res=   13
src_data=16, dest_data=13, res=    0
src_data= 0, dest_data=14, res=    0
src_data= 1, dest_data=14, res=    0
src_data= 2, dest_data=14, res=    2
src_data= 3, dest_data=14, res=    2
src_data= 4, dest_data=14, res=    4
src_data= 5, dest_data=14, res=    4
src_data= 6, dest_data=14, res=    6
src_data= 7, dest_data=14, res=    6
src_data= 8, dest_data=14, res=    8
src_data= 9, dest_data=14, res=    8
src_data=10, dest_data=14, res=   10
src_data=11, dest_data=14, res=   10
src_data=12, dest_data=14, res=   12
src_data=13, dest_data=14, res=   12
src_data=14, dest_data=14, res=   14
src_data=15, dest_data=14, res=   14
src_data=16, dest_data=14, res=    0
src_data= 0, dest_data=15, res=    0
src_data= 1, dest_data=15, res=    1
src_data= 2, dest_data=15, res=    2
src_data= 3, dest_data=15, res=    3
src_data= 4, dest_data=15, res=    4
src_data= 5, dest_data=15, res=    5
src_data= 6, dest_data=15, res=    6
src_data= 7, dest_data=15, res=    7
src_data= 8, dest_data=15, res=    8
src_data= 9, dest_data=15, res=    9
src_data=10, dest_data=15, res=   10
src_data=11, dest_data=15, res=   11
src_data=12, dest_data=15, res=   12
src_data=13, dest_data=15, res=   13
src_data=14, dest_data=15, res=   14
src_data=15, dest_data=15, res=   15
src_data=16, dest_data=15, res=    0
src_data= 0, dest_data= 0, res=    0
src_data= 1, dest_data= 0, res=    1
src_data= 2, dest_data= 0, res=    2
src_data= 3, dest_data= 0, res=    3
src_data= 4, dest_data= 0, res=    4
src_data= 5, dest_data= 0, res=    5
src_data= 6, dest_data= 0, res=    6
src_data= 7, dest_data= 0, res=    7
src_data= 8, dest_data= 0, res=    8
src_data= 9, dest_data= 0, res=    9
src_data=10, dest_data= 0, res=   10
src_data=11, dest_data= 0, res=   11
src_data=12, dest_data= 0, res=   12
src_data=13, dest_data= 0, res=   13
src_data=14, dest_data= 0, res=   14
src_data=15, dest_data= 0, res=   15
src_data=16, dest_data= 0, res=   16
src_data= 0, dest_data= 1, res=    1
src_data= 1, dest_data= 1, res=    0
src_data= 2, dest_data= 1, res=    3
src_data= 3, dest_data= 1, res=    2
src_data= 4, dest_data= 1, res=    5
src_data= 5, dest_data= 1, res=    4
src_data= 6, dest_data= 1, res=    7
src_data= 7, dest_data= 1, res=    6
src_data= 8, dest_data= 1, res=    9
src_data= 9, dest_data= 1, res=    8
src_data=10, dest_data= 1, res=   11
src_data=11, dest_data= 1, res=   10
src_data=12, dest_data= 1, res=   13
src_data=13, dest_data= 1, res=   12
src_data=14, dest_data= 1, res=   15
src_data=15, dest_data= 1, res=   14
src_data=16, dest_data= 1, res=   17
src_data= 0, dest_data= 2, res=    2
src_data= 1, dest_data= 2, res=    3
src_data= 2, dest_data= 2, res=    0
src_data= 3, dest_data= 2, res=    1
src_data= 4, dest_data= 2, res=    6
src_data= 5, dest_data= 2, res=    7
src_data= 6, dest_data= 2, res=    4
src_data= 7, dest_data= 2, res=    5
src_data= 8, dest_data= 2, res=   10
src_data= 9, dest_data= 2, res=   11
src_data=10, dest_data= 2, res=    8
src_data=11, dest_data= 2, res=    9
src_data=12, dest_data= 2, res=   14
src_data=13, dest_data= 2, res=   15
src_data=14, dest_data= 2, res=   12
src_data=15, dest_data= 2, res=   13
src_data=16, dest_data= 2, res=   18
src_data= 0, dest_data= 3, res=    3
src_data= 1, dest_data= 3, res=    2
src_data= 2, dest_data= 3, res=    1
src_data= 3, dest_data= 3, res=    0
src_data= 4, dest_data= 3, res=    7
src_data= 5, dest_data= 3, res=    6
src_data= 6, dest_data= 3, res=    5
src_data= 7, dest_data= 3, res=    4
src_data= 8, dest_data= 3, res=   11
src_data= 9, dest_data= 3, res=   10
src_data=10, dest_data= 3, res=    9
src_data=11, dest_data= 3, res=    8
src_data=12, dest_data= 3, res=   15
src_data=13, dest_data= 3, res=   14
src_data=14, dest_data= 3, res=   13
src_data=15, dest_data= 3, res=   12
src_data=16, dest_data= 3, res=   19
src_data= 0, dest_data= 4, res=    4
src_data= 1, dest_data= 4, res=    5
src_data= 2, dest_data= 4, res=    6
src_data= 3, dest_data= 4, res=    7
src_data= 4, dest_data= 4, res=    0
src_data= 5, dest_data= 4, res=    1
src_data= 6, dest_data= 4, res=    2
src_data= 7, dest_data= 4, res=    3
src_data= 8, dest_data= 4, res=   12
src_data= 9, dest_data= 4, res=   13
src_data=10, dest_data= 4, res=   14
src_data=11, dest_data= 4, res=   15
src_data=12, dest_data= 4, res=    8
src_data=13, dest_data= 4, res=    9
src_data=14, dest_data= 4, res=   10
src_data=15, dest_data= 4, res=   11
src_data=16, dest_data= 4, res=   20
src_data= 0, dest_data= 5, res=    5
src_data= 1, dest_data= 5, res=    4
src_data= 2, dest_data= 5, res=    7
src_data= 3, dest_data= 5, res=    6
src_data= 4, dest_data= 5, res=    1
src_data= 5, dest_data= 5, res=    0
src_data= 6, dest_data= 5, res=    3
src_data= 7, dest_data= 5, res=    2
src_data= 8, dest_data= 5, res=   13
src_data= 9, dest_data= 5, res=   12
src_data=10, dest_data= 5, res=   15
src_data=11, dest_data= 5, res=   14
src_data=12, dest_data= 5, res=    9
src_data=13, dest_data= 5, res=    8
src_data=14, dest_data= 5, res=   11
src_data=15, dest_data= 5, res=   10
src_data=16, dest_data= 5, res=   21
src_data= 0, dest_data= 6, res=    6
src_data= 1, dest_data= 6, res=    7
src_data= 2, dest_data= 6, res=    4
src_data= 3, dest_data= 6, res=    5
src_data= 4, dest_data= 6, res=    2
src_data= 5, dest_data= 6, res=    3
src_data= 6, dest_data= 6, res=    0
src_data= 7, dest_data= 6, res=    1
src_data= 8, dest_data= 6, res=   14
src_data= 9, dest_data= 6, res=   15
src_data=10, dest_data= 6, res=   12
src_data=11, dest_data= 6, res=   13
src_data=12, dest_data= 6, res=   10
src_data=13, dest_data= 6, res=   11
src_data=14, dest_data= 6, res=    8
src_data=15, dest_data= 6, res=    9
src_data=16, dest_data= 6, res=   22
src_data= 0, dest_data= 7, res=    7
src_data= 1, dest_data= 7, res=    6
src_data= 2, dest_data= 7, res=    5
src_data= 3, dest_data= 7, res=    4
src_data= 4, dest_data= 7, res=    3
src_data= 5, dest_data= 7, res=    2
src_data= 6, dest_data= 7, res=    1
src_data= 7, dest_data= 7, res=    0
src_data= 8, dest_data= 7, res=   15
src_data= 9, dest_data= 7, res=   14
src_data=10, dest_data= 7, res=   13
src_data=11, dest_data= 7, res=   12
src_data=12, dest_data= 7, res=   11
src_data=13, dest_data= 7, res=   10
src_data=14, dest_data= 7, res=    9
src_data=15, dest_data= 7, res=    8
src_data=16, dest_data= 7, res=   23
src_data= 0, dest_data= 8, res=    8
src_data= 1, dest_data= 8, res=    9
src_data= 2, dest_data= 8, res=   10
src_data= 3, dest_data= 8, res=   11
src_data= 4, dest_data= 8, res=   12
src_data= 5, dest_data= 8, res=   13
src_data= 6, dest_data= 8, res=   14
src_data= 7, dest_data= 8, res=   15
src_data= 8, dest_data= 8, res=    0
src_data= 9, dest_data= 8, res=    1
src_data=10, dest_data= 8, res=    2
src_data=11, dest_data= 8, res=    3
src_data=12, dest_data= 8, res=    4
src_data=13, dest_data= 8, res=    5
src_data=14, dest_data= 8, res=    6
src_data=15, dest_data= 8, res=    7
src_data=16, dest_data= 8, res=   24
src_data= 0, dest_data= 9, res=    9
src_data= 1, dest_data= 9, res=    8
src_data= 2, dest_data= 9, res=   11
src_data= 3, dest_data= 9, res=   10
src_data= 4, dest_data= 9, res=   13
src_data= 5, dest_data= 9, res=   12
src_data= 6, dest_data= 9, res=   15
src_data= 7, dest_data= 9, res=   14
src_data= 8, dest_data= 9, res=    1
src_data= 9, dest_data= 9, res=    0
src_data=10, dest_data= 9, res=    3
src_data=11, dest_data= 9, res=    2
src_data=12, dest_data= 9, res=    5
src_data=13, dest_data= 9, res=    4
src_data=14, dest_data= 9, res=    7
src_data=15, dest_data= 9, res=    6
src_data=16, dest_data= 9, res=   25
src_data= 0, dest_data=10, res=   10
src_data= 1, dest_data=10, res=   11
src_data= 2, dest_data=10, res=    8
src_data= 3, dest_data=10, res=    9
src_data= 4, dest_data=10, res=   14
src_data= 5, dest_data=10, res=   15
src_data= 6, dest_data=10, res=   12
src_data= 7, dest_data=10, res=   13
src_data= 8, dest_data=10, res=    2
src_data= 9, dest_data=10, res=    3
src_data=10, dest_data=10, res=    0
src_data=11, dest_data=10, res=    1
src_data=12, dest_data=10, res=    6
src_data=13, dest_data=10, res=    7
src_data=14, dest_data=10, res=    4
src_data=15, dest_data=10, res=    5
src_data=16, dest_data=10, res=   26
src_data= 0, dest_data=11, res=   11
src_data= 1, dest_data=11, res=   10
src_data= 2, dest_data=11, res=    9
src_data= 3, dest_data=11, res=    8
src_data= 4, dest_data=11, res=   15
src_data= 5, dest_data=11, res=   14
src_data= 6, dest_data=11, res=   13
src_data= 7, dest_data=11, res=   12
src_data= 8, dest_data=11, res=    3
src_data= 9, dest_data=11, res=    2
src_data=10, dest_data=11, res=    1
src_data=11, dest_data=11, res=    0
src_data=12, dest_data=11, res=    7
src_data=13, dest_data=11, res=    6
src_data=14, dest_data=11, res=    5
src_data=15, dest_data=11, res=    4
src_data=16, dest_data=11, res=   27
src_data= 0, dest_data=12, res=   12
src_data= 1, dest_data=12, res=   13
src_data= 2, dest_data=12, res=   14
src_data= 3, dest_data=12, res=   15
src_data= 4, dest_data=12, res=    8
src_data= 5, dest_data=12, res=    9
src_data= 6, dest_data=12, res=   10
src_data= 7, dest_data=12, res=   11
src_data= 8, dest_data=12, res=    4
src_data= 9, dest_data=12, res=    5
src_data=10, dest_data=12, res=    6
src_data=11, dest_data=12, res=    7
src_data=12, dest_data=12, res=    0
src_data=13, dest_data=12, res=    1
src_data=14, dest_data=12, res=    2
src_data=15, dest_data=12, res=    3
src_data=16, dest_data=12, res=   28
src_data= 0, dest_data=13, res=   13
src_data= 1, dest_data=13, res=   12
src_data= 2, dest_data=13, res=   15
src_data= 3, dest_data=13, res=   14
src_data= 4, dest_data=13, res=    9
src_data= 5, dest_data=13, res=    8
src_data= 6, dest_data=13, res=   11
src_data= 7, dest_data=13, res=   10
src_data= 8, dest_data=13, res=    5
src_data= 9, dest_data=13, res=    4
src_data=10, dest_data=13, res=    7
src_data=11, dest_data=13, res=    6
src_data=12, dest_data=13, res=    1
src_data=13, dest_data=13, res=    0
src_data=14, dest_data=13, res=    3
src_data=15, dest_data=13, res=    2
src_data=16, dest_data=13, res=   29
src_data= 0, dest_data=14, res=   14
src_data= 1, dest_data=14, res=   15
src_data= 2, dest_data=14, res=   12
src_data= 3, dest_data=14, res=   13
src_data= 4, dest_data=14, res=   10
src_data= 5, dest_data=14, res=   11
src_data= 6, dest_data=14, res=    8
src_data= 7, dest_data=14, res=    9
src_data= 8, dest_data=14, res=    6
src_data= 9, dest_data=14, res=    7
src_data=10, dest_data=14, res=    4
src_data=11, dest_data=14, res=    5
src_data=12, dest_data=14, res=    2
src_data=13, dest_data=14, res=    3
src_data=14, dest_data=14, res=    0
src_data=15, dest_data=14, res=    1
src_data=16, dest_data=14, res=   30
src_data= 0, dest_data=15, res=   15
src_data= 1, dest_data=15, res=   14
src_data= 2, dest_data=15, res=   13
src_data= 3, dest_data=15, res=   12
src_data= 4, dest_data=15, res=   11
src_data= 5, dest_data=15, res=   10
src_data= 6, dest_data=15, res=    9
src_data= 7, dest_data=15, res=    8
src_data= 8, dest_data=15, res=    7
src_data= 9, dest_data=15, res=    6
src_data=10, dest_data=15, res=    5
src_data=11, dest_data=15, res=    4
src_data=12, dest_data=15, res=    3
src_data=13, dest_data=15, res=    2
src_data=14, dest_data=15, res=    1
src_data=15, dest_data=15, res=    0
src_data=16, dest_data=15, res=   31
src_data= 0, dest_data= 0, res=    0
src_data= 1, dest_data= 0, res=    1
src_data= 2, dest_data= 0, res=    2
src_data= 3, dest_data= 0, res=    3
src_data= 4, dest_data= 0, res=    4
src_data= 5, dest_data= 0, res=    5
src_data= 6, dest_data= 0, res=    6
src_data= 7, dest_data= 0, res=    7
src_data= 8, dest_data= 0, res=    8
src_data= 9, dest_data= 0, res=    9
src_data=10, dest_data= 0, res=   10
src_data=11, dest_data= 0, res=   11
src_data=12, dest_data= 0, res=   12
src_data=13, dest_data= 0, res=   13
src_data=14, dest_data= 0, res=   14
src_data=15, dest_data= 0, res=   15
src_data=16, dest_data= 0, res=   16
src_data= 0, dest_data= 1, res=    1
src_data= 1, dest_data= 1, res=    1
src_data= 2, dest_data= 1, res=    3
src_data= 3, dest_data= 1, res=    3
src_data= 4, dest_data= 1, res=    5
src_data= 5, dest_data= 1, res=    5
src_data= 6, dest_data= 1, res=    7
src_data= 7, dest_data= 1, res=    7
src_data= 8, dest_data= 1, res=    9
src_data= 9, dest_data= 1, res=    9
src_data=10, dest_data= 1, res=   11
src_data=11, dest_data= 1, res=   11
src_data=12, dest_data= 1, res=   13
src_data=13, dest_data= 1, res=   13
src_data=14, dest_data= 1, res=   15
src_data=15, dest_data= 1, res=   15
src_data=16, dest_data= 1, res=   17
src_data= 0, dest_data= 2, res=    2
src_data= 1, dest_data= 2, res=    3
src_data= 2, dest_data= 2, res=    2
src_data= 3, dest_data= 2, res=    3
src_data= 4, dest_data= 2, res=    6
src_data= 5, dest_data= 2, res=    7
src_data= 6, dest_data= 2, res=    6
src_data= 7, dest_data= 2, res=    7
src_data= 8, dest_data= 2, res=   10
src_data= 9, dest_data= 2, res=   11
src_data=10, dest_data= 2, res=   10
src_data=11, dest_data= 2, res=   11
src_data=12, dest_data= 2, res=   14
src_data=13, dest_data= 2, res=   15
src_data=14, dest_data= 2, res=   14
src_data=15, dest_data= 2, res=   15
src_data=16, dest_data= 2, res=   18
src_data= 0, dest_data= 3, res=    3
src_data= 1, dest_data= 3, res=    3
src_data= 2, dest_data= 3, res=    3
src_data= 3, dest_data= 3, res=    3
src_data= 4, dest_data= 3, res=    7
src_data= 5, dest_data= 3, res=    7
src_data= 6, dest_data= 3, res=    7
src_data= 7, dest_data= 3, res=    7
src_data= 8, dest_data= 3, res=   11
src_data= 9, dest_data= 3, res=   11
src_data=10, dest_data= 3, res=   11
src_data=11, dest_data= 3, res=   11
src_data=12, dest_data= 3, res=   15
src_data=13, dest_data= 3, res=   15
src_data=14, dest_data= 3, res=   15
src_data=15, dest_data= 3, res=   15
src_data=16, dest_data= 3, res=   19
src_data= 0, dest_data= 4, res=    4
src_data= 1, dest_data= 4, res=    5
src_data= 2, dest_data= 4, res=    6
src_data= 3, dest_data= 4, res=    7
src_data= 4, dest_data= 4, res=    4
src_data= 5, dest_data= 4, res=    5
src_data= 6, dest_data= 4, res=    6
src_data= 7, dest_data= 4, res=    7
src_data= 8, dest_data= 4, res=   12
src_data= 9, dest_data= 4, res=   13
src_data=10, dest_data= 4, res=   14
src_data=11, dest_data= 4, res=   15
src_data=12, dest_data= 4, res=   12
src_data=13, dest_data= 4, res=   13
src_data=14, dest_data= 4, res=   14
src_data=15, dest_data= 4, res=   15
src_data=16, dest_data= 4, res=   20
src_data= 0, dest_data= 5, res=    5
src_data= 1, dest_data= 5, res=    5
src_data= 2, dest_data= 5, res=    7
src_data= 3, dest_data= 5, res=    7
src_data= 4, dest_data= 5, res=    5
src_data= 5, dest_data= 5, res=    5
src_data= 6, dest_data= 5, res=    7
src_data= 7, dest_data= 5, res=    7
src_data= 8, dest_data= 5, res=   13
src_data= 9, dest_data= 5, res=   13
src_data=10, dest_data= 5, res=   15
src_data=11, dest_data= 5, res=   15
src_data=12, dest_data= 5, res=   13
src_data=13, dest_data= 5, res=   13
src_data=14, dest_data= 5, res=   15
src_data=15, dest_data= 5, res=   15
src_data=16, dest_data= 5, res=   21
src_data= 0, dest_data= 6, res=    6
src_data= 1, dest_data= 6, res=    7
src_data= 2, dest_data= 6, res=    6
src_data= 3, dest_data= 6, res=    7
src_data= 4, dest_data= 6, res=    6
src_data= 5, dest_data= 6, res=    7
src_data= 6, dest_data= 6, res=    6
src_data= 7, dest_data= 6, res=    7
src_data= 8, dest_data= 6, res=   14
src_data= 9, dest_data= 6, res=   15
src_data=10, dest_data= 6, res=   14
src_data=11, dest_data= 6, res=   15
src_data=12, dest_data= 6, res=   14
src_data=13, dest_data= 6, res=   15
src_data=14, dest_data= 6, res=   14
src_data=15, dest_data= 6, res=   15
src_data=16, dest_data= 6, res=   22
src_data= 0, dest_data= 7, res=    7
src_data= 1, dest_data= 7, res=    7
src_data= 2, dest_data= 7, res=    7
src_data= 3, dest_data= 7, res=    7
src_data= 4, dest_data= 7, res=    7
src_data= 5, dest_data= 7, res=    7
src_data= 6, dest_data= 7, res=    7
src_data= 7, dest_data= 7, res=    7
src_data= 8, dest_data= 7, res=   15
src_data= 9, dest_data= 7, res=   15
src_data=10, dest_data= 7, res=   15
src_data=11, dest_data= 7, res=   15
src_data=12, dest_data= 7, res=   15
src_data=13, dest_data= 7, res=   15
src_data=14, dest_data= 7, res=   15
src_data=15, dest_data= 7, res=   15
src_data=16, dest_data= 7, res=   23
src_data= 0, dest_data= 8, res=    8
src_data= 1, dest_data= 8, res=    9
src_data= 2, dest_data= 8, res=   10
src_data= 3, dest_data= 8, res=   11
src_data= 4, dest_data= 8, res=   12
src_data= 5, dest_data= 8, res=   13
src_data= 6, dest_data= 8, res=   14
src_data= 7, dest_data= 8, res=   15
src_data= 8, dest_data= 8, res=    8
src_data= 9, dest_data= 8, res=    9
src_data=10, dest_data= 8, res=   10
src_data=11, dest_data= 8, res=   11
src_data=12, dest_data= 8, res=   12
src_data=13, dest_data= 8, res=   13
src_data=14, dest_data= 8, res=   14
src_data=15, dest_data= 8, res=   15
src_data=16, dest_data= 8, res=   24
src_data= 0, dest_data= 9, res=    9
src_data= 1, dest_data= 9, res=    9
src_data= 2, dest_data= 9, res=   11
src_data= 3, dest_data= 9, res=   11
src_data= 4, dest_data= 9, res=   13
src_data= 5, dest_data= 9, res=   13
src_data= 6, dest_data= 9, res=   15
src_data= 7, dest_data= 9, res=   15
src_data= 8, dest_data= 9, res=    9
src_data= 9, dest_data= 9, res=    9
src_data=10, dest_data= 9, res=   11
src_data=11, dest_data= 9, res=   11
src_data=12, dest_data= 9, res=   13
src_data=13, dest_data= 9, res=   13
src_data=14, dest_data= 9, res=   15
src_data=15, dest_data= 9, res=   15
src_data=16, dest_data= 9, res=   25
src_data= 0, dest_data=10, res=   10
src_data= 1, dest_data=10, res=   11
src_data= 2, dest_data=10, res=   10
src_data= 3, dest_data=10, res=   11
src_data= 4, dest_data=10, res=   14
src_data= 5, dest_data=10, res=   15
src_data= 6, dest_data=10, res=   14
src_data= 7, dest_data=10, res=   15
src_data= 8, dest_data=10, res=   10
src_data= 9, dest_data=10, res=   11
src_data=10, dest_data=10, res=   10
src_data=11, dest_data=10, res=   11
src_data=12, dest_data=10, res=   14
src_data=13, dest_data=10, res=   15
src_data=14, dest_data=10, res=   14
src_data=15, dest_data=10, res=   15
src_data=16, dest_data=10, res=   26
src_data= 0, dest_data=11, res=   11
src_data= 1, dest_data=11, res=   11
src_data= 2, dest_data=11, res=   11
src_data= 3, dest_data=11, res=   11
src_data= 4, dest_data=11, res=   15
src_data= 5, dest_data=11, res=   15
src_data= 6, dest_data=11, res=   15
src_data= 7, dest_data=11, res=   15
src_data= 8, dest_data=11, res=   11
src_data= 9, dest_data=11, res=   11
src_data=10, dest_data=11, res=   11
src_data=11, dest_data=11, res=   11
src_data=12, dest_data=11, res=   15
src_data=13, dest_data=11, res=   15
src_data=14, dest_data=11, res=   15
src_data=15, dest_data=11, res=   15
src_data=16, dest_data=11, res=   27
src_data= 0, dest_data=12, res=   12
src_data= 1, dest_data=12, res=   13
src_data= 2, dest_data=12, res=   14
src_data= 3, dest_data=12, res=   15
src_data= 4, dest_data=12, res=   12
src_data= 5, dest_data=12, res=   13
src_data= 6, dest_data=12, res=   14
src_data= 7, dest_data=12, res=   15
src_data= 8, dest_data=12, res=   12
src_data= 9, dest_data=12, res=   13
src_data=10, dest_data=12, res=   14
src_data=11, dest_data=12, res=   15
src_data=12, dest_data=12, res=   12
src_data=13, dest_data=12, res=   13
src_data=14, dest_data=12, res=   14
src_data=15, dest_data=12, res=   15
src_data=16, dest_data=12, res=   28
src_data= 0, dest_data=13, res=   13
src_data= 1, dest_data=13, res=   13
src_data= 2, dest_data=13, res=   15
src_data= 3, dest_data=13, res=   15
src_data= 4, dest_data=13, res=   13
src_data= 5, dest_data=13, res=   13
src_data= 6, dest_data=13, res=   15
src_data= 7, dest_data=13, res=   15
src_data= 8, dest_data=13, res=   13
src_data= 9, dest_data=13, res=   13
src_data=10, dest_data=13, res=   15
src_data=11, dest_data=13, res=   15
src_data=12, dest_data=13, res=   13
src_data=13, dest_data=13, res=   13
src_data=14, dest_data=13, res=   15
src_data=15, dest_data=13, res=   15
src_data=16, dest_data=13, res=   29
src_data= 0, dest_data=14, res=   14
src_data= 1, dest_data=14, res=   15
src_data= 2, dest_data=14, res=   14
src_data= 3, dest_data=14, res=   15
src_data= 4, dest_data=14, res=   14
src_data= 5, dest_data=14, res=   15
src_data= 6, dest_data=14, res=   14
src_data= 7, dest_data=14, res=   15
src_data= 8, dest_data=14, res=   14
src_data= 9, dest_data=14, res=   15
src_data=10, dest_data=14, res=   14
src_data=11, dest_data=14, res=   15
src_data=12, dest_data=14, res=   14
src_data=13, dest_data=14, res=   15
src_data=14, dest_data=14, res=   14
src_data=15, dest_data=14, res=   15
src_data=16, dest_data=14, res=   30
src_data= 0, dest_data=15, res=   15
src_data= 1, dest_data=15, res=   15
src_data= 2, dest_data=15, res=   15
src_data= 3, dest_data=15, res=   15
src_data= 4, dest_data=15, res=   15
src_data= 5, dest_data=15, res=   15
src_data= 6, dest_data=15, res=   15
src_data= 7, dest_data=15, res=   15
src_data= 8, dest_data=15, res=   15
src_data= 9, dest_data=15, res=   15
src_data=10, dest_data=15, res=   15
src_data=11, dest_data=15, res=   15
src_data=12, dest_data=15, res=   15
src_data=13, dest_data=15, res=   15
src_data=14, dest_data=15, res=   15
src_data=15, dest_data=15, res=   15
src_data=16, dest_data=15, res=   31
